<html>
<body>
<pre>
<h1>µVision Build Log</h1>
<h2>Tool Versions:</h2>
IDE-Version: µVision V5.39.0.0
Copyright (C) 2023 ARM Ltd and ARM Germany GmbH. All rights reserved.
License Information: Md Shamsur Rahman Sami, University of Dhaka, LIC=----
 
Tool Versions:
Toolchain:       MDK-Lite  Version: 5.39.0.0
Toolchain Path:  C:\Keil_v5\ARM\ARMCLANG\Bin
C Compiler:      ArmClang.exe V6.21
Assembler:       Armasm.exe V6.21
Linker/Locator:  ArmLink.exe V6.21
Library Manager: ArmAr.exe V6.21
Hex Converter:   FromElf.exe V6.21
CPU DLL:         SARMCM3.DLL V5.39.0.0
Dialog DLL:      DCM.DLL V1.17.5.0
Target DLL:      UL2CM3.DLL V1.164.9.0
Dialog DLL:      TCM.DLL V1.56.4.0
 
<h2>Project:</h2>
F:\Assembly Language\MicroController Project\Project.uvprojx
Project File Date:  02/15/2024

<h2>Output:</h2>
*** Using Compiler 'V6.21', folder: 'C:\Keil_v5\ARM\ARMCLANG\Bin'
Build target 'Target 1'
firstProgram.c(1): warning: ISO C requires a translation unit to contain at least one declaration [-Wempty-translation-unit]
1 warning generated.
compiling firstProgram.c...
compiling CLOCK.c...
ethernet.c(5): warning: a function declaration without a prototype is deprecated in all versions of C [-Wstrict-prototypes]
    5 | int main ()
      |          ^
      |           void
ethernet.c(17): warning: no newline at end of file [-Wnewline-eof]
   17 | }
      |  ^
2 warnings generated.
compiling ethernet.c...
compiling SYS_INIT.c...
GPIO.c(34): warning: unused parameter 'GPIOx' [-Wunused-parameter]
   34 | void GPIO_WritePin(GPIO_TypeDef *GPIOx,uint16_t GPIO_pin,GPIO_PinState PinState)
      |                                  ^
GPIO.c(34): warning: unused parameter 'GPIO_pin' [-Wunused-parameter]
   34 | void GPIO_WritePin(GPIO_TypeDef *GPIOx,uint16_t GPIO_pin,GPIO_PinState PinState)
      |                                                 ^
GPIO.c(34): warning: unused parameter 'PinState' [-Wunused-parameter]
   34 | void GPIO_WritePin(GPIO_TypeDef *GPIOx,uint16_t GPIO_pin,GPIO_PinState PinState)
      |                                                                        ^
GPIO.c(39): warning: unused parameter 'GPIOx' [-Wunused-parameter]
   39 | void GPIO_Init(GPIO_TypeDef* GPIOx,GPIO_InitTypeDef *GPIO_Init)
      |                              ^
GPIO.c(39): warning: unused parameter 'GPIO_Init' [-Wunused-parameter]
   39 | void GPIO_Init(GPIO_TypeDef* GPIOx,GPIO_InitTypeDef *GPIO_Init)
      |                                                      ^
5 warnings generated.
compiling GPIO.c...
USART.c(41): warning: unsafe pointer arithmetic [-Wunsafe-buffer-usage]
   41 |         while (*s) UART_SendChar(usart,*s++);
      |                                         ^
USART.c(48): warning: unsafe buffer access [-Wunsafe-buffer-usage]
   48 |                 buff[i]=UART_GetChar(usart);
      |                 ^~~~
USART.c(49): warning: unsafe buffer access [-Wunsafe-buffer-usage]
   49 |                 if(i==0 && buff[i]!= 0x03F){continue;}
      |                            ^~~~
USART.c(59): warning: unsafe buffer access [-Wunsafe-buffer-usage]
   59 |                 buff[i]=UART_GetChar(usart);
      |                 ^~~~
USART.c(61): warning: unsafe buffer access [-Wunsafe-buffer-usage]
   61 |                 if(buff[i]=='\0' || buff[i] == '\n' || buff[i] == ' ')
      |                    ^~~~
USART.c(61): warning: unsafe buffer access [-Wunsafe-buffer-usage]
   61 |                 if(buff[i]=='\0' || buff[i] == '\n' || buff[i] == ' ')
      |                                     ^~~~
USART.c(61): warning: unsafe buffer access [-Wunsafe-buffer-usage]
   61 |                 if(buff[i]=='\0' || buff[i] == '\n' || buff[i] == ' ')
      |                                                        ^~~~
USART.c(63): warning: unsafe buffer access [-Wunsafe-buffer-usage]
   63 |                         buff[i]='\0';
      |                         ^~~~
USART.c(78): warning: unsafe pointer arithmetic [-Wunsafe-buffer-usage]
   78 |         while (*s) {UART_SendChar(usart,*s);s++;}
      |                                             ^
USART.c(93): warning: unsafe buffer access [-Wunsafe-buffer-usage]
   93 |                 buff[i]=x;
      |                 ^~~~
USART.c(96): warning: unsafe buffer access [-Wunsafe-buffer-usage]
   96 |         buff[i]='\0';
      |         ^~~~
11 warnings generated.
compiling USART.c...
RTE/Device/STM32F446RETx/system_stm32f4xx.c(263): warning: unsafe buffer access [-Wunsafe-buffer-usage]
  263 |   tmp = AHBPrescTable[((RCC->CFGR & RCC_CFGR_HPRE) >> 4)];
      |         ^~~~~~~~~~~~~
1 warning generated.
compiling system_stm32f4xx.c...
assembling startup_stm32f446xx.s...
linking...
Program Size: Code=868 RO-data=468 RW-data=0 ZI-data=1640  
".\Objects\Project.axf" - 0 Error(s), 20 Warning(s).

<h2>Software Packages used:</h2>

Package Vendor: ARM
                https://www.keil.com/pack/ARM.CMSIS.6.0.0.pack
                ARM::CMSIS@6.0.0
                CMSIS (Common Microcontroller Software Interface Standard)
   * Component: CORE Version: 6.0.0

Package Vendor: Keil
                https://www.keil.com/pack/Keil.STM32F4xx_DFP.2.17.1.pack
                Keil::STM32F4xx_DFP@2.17.1
                STMicroelectronics STM32F4 Series Device Support, Drivers and Examples
   * Component: Startup Version: 2.6.3

<h2>Collection of Component include folders:</h2>
  ./RTE/_Target_1
  C:/Users/SAMI/AppData/Local/Arm/Packs/ARM/CMSIS/6.0.0/CMSIS/Core/Include
  C:/Users/SAMI/AppData/Local/Arm/Packs/Keil/STM32F4xx_DFP/2.17.1/Drivers/CMSIS/Device/ST/STM32F4xx/Include

<h2>Collection of Component Files used:</h2>

   * Component: ARM::CMSIS:CORE@6.0.0

   * Component: Keil::Device:Startup@2.6.3
      Source file:   MDK/Device/Source/ARM/STM32F446xx_OPT.s
      Include file:  Drivers/CMSIS/Device/ST/STM32F4xx/Include/stm32f4xx.h
      Source file:   Drivers/CMSIS/Device/ST/STM32F4xx/Source/Templates/arm/startup_stm32f446xx.s
      Source file:   MDK/Device/Source/ARM/STM32F4xx_OTP.s
      Source file:   Drivers/CMSIS/Device/ST/STM32F4xx/Source/Templates/system_stm32f4xx.c
Build Time Elapsed:  00:00:01
</pre>
</body>
</html>
